DROP VIEW "sales""Ops"."Summary";
DROP VIEW "sales""Ops"."Convert";
DROP VIEW "sales""Ops"."BaseView";
ALTER TABLE "sales""Ops"."Alpha" DROP CONSTRAINT IF EXISTS "Alpha_to_Beta";
ALTER TABLE "sales""Ops"."Beta" DROP CONSTRAINT IF EXISTS "Beta_to_Alpha";
DROP TABLE "sales""Ops"."Beta";
DROP TABLE "sales""Ops"."Alpha";
DROP TABLE "sales""Ops"."Rebuild";
CREATE TABLE "sales""Ops"."Convert" (
"ID" int4 NOT NULL,
  CONSTRAINT "Convert_pk" PRIMARY KEY ("ID")
);
CREATE VIEW "sales""Ops"."Rebuild" AS
SELECT 1 AS "ID";
